<?xml version="1.0" encoding="UTF-8"?>
<root>
    <info>
        <title>Newsletter</title>
    </info>
    <section>
        <title>Newsletter</title>
        <?sqfc-start ?><para attribute1="value1" attribute2="value2"><?sqfc-end ?>If you want to be informed about changes in quickfixes of Schematron QuickFix, please fill out this form:</para>
    </section>
</root>