<?xml version="1.0" encoding="UTF-8"?>
<root>
    <foo id="foo1">
        <bazzer/>
    </foo>
</root>
