<?xml version="1.0" encoding="UTF-8"?>
<root>
    <foo baz="" foo="add-foo"/>
</root>
