<?xml version="1.0" encoding="UTF-8"?>
<root>
    <foo><baz>foo</baz></foo>
    <bar><marker/>
        <baz>foo</baz>
    </bar>
</root>
