<?xml version="1.0" encoding="UTF-8"?>
<root>
    <?sqfc-start ?><foo bar="bar-value" baz="baz-value"><?sqfc-end ?></foo>
</root>
