<?xml version="1.0" encoding="UTF-8"?>
<root>
    <foo>foo&#xA;<?sqfc-start ?>foo<?sqfc-end ?>&#xA;foo</foo>
</root>
