<?xml version="1.0" encoding="UTF-8"?>
<root>
    <bar/><?foo?>
    <foo bar="baz"/>
    <!-- foo -->
    <text>foo</text>
</root>
