<?xml version="1.0" encoding="UTF-8"?>
<root>
    <?foo?>
    <foo bar="baz"/>
    <!-- foo -->
    <text><bar/>foo</text>
</root>
