<?xml version="1.0" encoding="UTF-8"?>
<root xmlns:foo="foo.de">
    <foo xmlns:bar="bar.de" xmlns:bar_2="foo.de" bar_2:foo=""/>
</root>
