<?xml version="1.0" encoding="UTF-8"?>
<root>
    <foo><bar>staticContent</bar></foo>
    <foo><bar/></foo>
</root>
