<?xml version="1.0" encoding="UTF-8"?>
<?xml-model href="test.sch" phase="#ALL" type="application/xml" schematypens="http://purl.oclc.org/dsdl/schematron"?>
<root>
    <p>This is the content of the paragraph: z.B.</p>
    <p>Text with <i>inline</i> and other <b><?sqfc-start ?>ADD<?sqfc-end ?>d.h.</b> stuff.</p>
    <p>Text with splitted <b>u.</b><i>a.</i>.</p>
    <!-- comment with etc. -->
    <p style="phrases in attributes uvm."/>
    <?pi pi value with e.g.?>
</root>
