<?xml version="1.0" encoding="UTF-8"?>
<root>
    <!--Replaced by bar--><bar/>
</root>
