<?xml version="1.0" encoding="UTF-8"?>
<root>
    <?sqfc-start ?><foo><?sqfc-end ?></foo>
</root>
