<?xml version="1.0" encoding="UTF-8"?>
<?xml-model href="oxygenIssues.sch" type="application/xml" schematypens="http://purl.oclc.org/dsdl/schematron"?>
<root>
    <?sqfc-start ?><?sqfc-end ?>
    <?sqfc-start ?><?sqfc-end ?>
    <?sqfc-start ?><?sqfc-end ?>
    <?sqfc-start ?><?sqfc-end ?>
    <?sqfc-start ?><?sqfc-end ?>
</root>
