<?xml version="1.0" encoding="UTF-8"?>
<root xmlns:bar="bar.com" xmlns:foo="foo.com">
    <bar:bar>bar</bar:bar>
    <?sqfc-start ?><?sqfc-end ?>
</root>
