<?xml version="1.0" encoding="UTF-8"?>
<?xml-model href="../input/test.sch" schematypens="http://purl.oclc.org/dsdl/schematron"?>
<article xmlns="http://docbook.org/ns/docbook" version="5.0">
    <info>
        <title>XSL functions</title>
    </info>
    <sect1>
        <title>Table of Contents</title>
        <orderedlist>
            <listitem>
                <para>Introduction</para>
            </listitem>
            <listitem>
                <para>Basics</para>
                <orderedlist>
                    <listitem>
                        <para>Expression Context</para>
                        <?sqfc-start ?>
                                <para>Static Context</para>
                            
                                <para>Dynamic Context</para>
                            <?sqfc-end ?>
                    </listitem>
                    <listitem>
                        <para>Processing Model</para>
                        <orderedlist>
                            <listitem>
                                <para>Data Model Generation</para>
                            </listitem>
                            <listitem>
                                <para>Schema Import Processing</para>
                            </listitem>
                            <listitem>
                                <para>Expression Processing</para>
                                <orderedlist>
                                    <listitem>
                                        <para>Static Analysis Phase</para>
                                    </listitem>
                                    <listitem>
                                        <para>Dynamic Evaluation Phase</para>
                                    </listitem>
                                </orderedlist>
                            </listitem>
                            <listitem>
                                <para>Serialization</para>
                            </listitem>
                            <listitem>
                                <para>Consistency Constraints</para>
                            </listitem>
                        </orderedlist>
                    </listitem>
                    <listitem>
                        <para>Error Handling</para>
                        <orderedlist>
                            <listitem>
                                <para>Kinds of Errors</para>
                            </listitem>
                            <listitem>
                                <para>Identifying and Reporting Errors</para>
                            </listitem>
                            <listitem>
                                <para>Handling Dynamic Errors</para>
                            </listitem>
                            <listitem>
                                <para>Errors and Optimization</para>
                            </listitem>
                        </orderedlist>
                    </listitem>
                    <listitem>
                        <para>Concepts</para>
                        <orderedlist>
                            <listitem>
                                <para>Document Order</para>
                            </listitem>
                            <listitem>
                                <para>Atomization</para>
                            </listitem>
                            <listitem>
                                <para>Effective Boolean Value</para>
                            </listitem>
                            <listitem>
                                <para>Input Sources</para>
                            </listitem>
                        </orderedlist>
                    </listitem>
                    <listitem>
                        <para>Types</para>
                        <orderedlist>
                            <listitem>
                                <para>Predefined Schema Types</para>
                            </listitem>
                            <listitem>
                                <para>Typed Value and String Value</para>
                            </listitem>
                            <listitem>
                                <para>SequenceType Syntax</para>
                            </listitem>
                            <listitem>
                                <para>SequenceType Matching</para>
                                <orderedlist>
                                    <listitem>
                                        <para>Matching a SequenceType and a Value</para>
                                    </listitem>
                                    <listitem>
                                        <para>Matching an ItemType and an Item</para>
                                    </listitem>
                                    <listitem>
                                        <para>Element Test</para>
                                    </listitem>
                                    <listitem>
                                        <para>Schema Element Test</para>
                                    </listitem>
                                    <listitem>
                                        <para>Attribute Test</para>
                                    </listitem>
                                    <listitem>
                                        <para>Schema Attribute Test</para>
                                    </listitem>
                                </orderedlist>
                            </listitem>
                        </orderedlist>
                    </listitem>
                </orderedlist>
            </listitem>
        </orderedlist>
    </sect1>
</article>
