<?xml version="1.0" encoding="UTF-8"?>
<root>
    <?sqfc-start ?><replaced>patternValue patternValue_Usage</replaced><?sqfc-end ?>
</root>
