<?xml version="1.0" encoding="UTF-8"?>
<html xmlns="http://www.w3.org/1999/xhtml" lang="en" xml:lang="en">
    <head>
        <title>Invalid tables</title>
    </head>
    <body>
        <h1>Invalid tables</h1>
        <table>
            <col width="33%"/>
            <col width="33%"/>
            <col width="66%"/>
            <col width="66%"/>
            <thead>
                <tr>
                    <th>XSLT</th>
                    <th>Schematron</th>
                </tr>
            </thead>
            <tbody>
                <tr>
                    <td/>
                </tr>
            </tbody>
        </table>
        <table>
            <col width="10%"/>
            <col width="10%"/>
            <col width="20%"/>
            <col width="60%"/>
            <thead>
                <tr>
                    <th>XSLT</th>
                    <th>Schematron</th>
                </tr>
            </thead>
            <tbody>
                <tr>
                    <td/>
                </tr>
            </tbody>
        </table>
        <table>
            <col width="10%"/>
            <col width="10%"/>
            <col width="66%"/>
            <col width="20%"/>
            <thead>
                <tr>
                    <th>XSLT</th>
                    <th>Schematron</th>
                </tr>
            </thead>
            <tbody>
                <tr>
                    <td/>
                </tr>
            </tbody>
        </table>
    </body>
</html>