<?xml version="1.0" encoding="UTF-8"?>
<root>
    <?sqfc-start ?><element name="foo" id="FOO_1"><?sqfc-end ?></element>
</root>
