<?xml version="1.0" encoding="UTF-8"?>
<root>
    <foo id="foo1">
        <bar/>
    </foo>
    <foo id="foo2">
        <bar id="foo2"/>
    </foo>
</root>
