<?xml version="1.0" encoding="UTF-8"?>
<root>
    <bar>bar-content</bar>
</root>
