<?xml version="1.0" encoding="UTF-8"?>
<?xml-model href="../input/test.sch" type="application/xml" schematypens="http://purl.oclc.org/dsdl/schematron"?>
<html xmlns="http://www.w3.org/1999/xhtml" lang="en">
    <head>
        <title>Citations Niccolò Machiavelli</title>
    </head>
    <body>
        <h1>Citations <?sqfc-start ?><span lang="it" xml:lang="it"><?sqfc-end ?>Niccolò Machiavelli</span></h1>
        <p>Wars begin when you will, but they do not end when you please.</p>
        <p lang="it" xml:lang="en">Può la disciplina nella guerra più che il furore.</p>
        <p lang="it" xml:lang="it">Può la disciplina nella guerra più che il furore.</p>
    </body>
</html>


