<?xml version="1.0" encoding="UTF-8"?>
<root>
    <foo>baz/bar_baz/bar</foo>
</root>
