<?xml version="1.0" encoding="UTF-8"?>
<root xmlns="www.some.default.namespace.com">
    <?sqfc-start ?><replaced/><?sqfc-end ?>
</root>
