<?xml version="1.0" encoding="UTF-8"?>
<relative-to-sch><bar>baz</bar></relative-to-sch>