<?xml version="1.0" encoding="UTF-8"?>
<relative-to-xml><bar>baz</bar></relative-to-xml>