<?xml version="1.0" encoding="UTF-8"?>
<root>
    <foo><bar>USERENTRY_element</bar></foo>
</root>
