<?xml version="1.0" encoding="UTF-8"?>
<?xml-model href="../input/test.sch" type="application/xml" schematypens="http://www.schematron-quickfix.com/validator/process"?>
<root>
    <?sqfc-start ?><element name="Foo"><?sqfc-end ?></element>
</root>
