<?xml version="1.0" encoding="UTF-8"?>
<root>
    <foo>
        <bar id="bar1">content-bar-1</bar>
        
        
        
    </foo>
</root>
