<?xml version="1.0" encoding="UTF-8"?>
<root2><?sqfc-start ?><bar>baz</bar><?sqfc-end ?></root2>